// Jest Snapshot v1, https://goo.gl/fbAQLP

exports[`CallbackLogin Snapshots No props 1`] = `null`;
