// Jest Snapshot v1, https://goo.gl/fbAQLP

exports[`Alert Snapshots ID 1`] = `
<div
  className="sc-AxheI jmeqRy"
>
  
  
  <input
    autoFocus={null}
    className="sc-Axmtr bDDSAq"
    disabled={false}
    hidden={false}
    id="test"
    name={null}
    onBlur={null}
    onChange={null}
    onKeyDown={null}
    placeholder={null}
    style={null}
    type="tel"
  />
</div>
`;
