// Jest Snapshot v1, https://goo.gl/fbAQLP

exports[`Theme Provider Button Button 1`] = `
<button
  className="sc-AykKC cAIyoR"
  onClick={null}
>
  Click me
</button>
`;
