// Jest Snapshot v1, https://goo.gl/fbAQLP

exports[`Success Snapshots Success 1`] = `
<svg
  fill="currentColor"
  height="24"
  viewBox="0 0 32 32"
  width="24"
  xmlns="http://www.w3.org/2000/svg"
>
  <path
    d="M16 3C8.83 3 3 8.83 3 16s5.83 13 13 13 13-5.83 13-13S23.17 3 16 3zm0 2c6.09 0 11 4.91 11 11s-4.91 11-11 11S5 22.09 5 16 9.91 5 16 5zm6.28 6.28L15 18.56l-4.28-4.28-1.44 1.44 5 5 .72.69.72-.7 8-8z"
  />
</svg>
`;
